Archive member included to satisfy reference by file (symbol)

/usr/lib/gcc/avr/5.4.0/avr35/libgcc.a(_exit.o)
                              /usr/lib/gcc/avr/5.4.0/../../../avr/lib/avr35/crtatmega16u2.o (exit)
/usr/lib/gcc/avr/5.4.0/../../../avr/lib/avr35/libc.a(memcpy_P.o)
                              obj/RNDISClassDevice.o (symbol from plugin) (memcpy_P)
/usr/lib/gcc/avr/5.4.0/../../../avr/lib/avr35/libc.a(strlen_P.o)
                              obj/CDCClassDevice.o (symbol from plugin) (__strlen_P)
/usr/lib/gcc/avr/5.4.0/../../../avr/lib/avr35/libatmega16u2.a(eerd_byte.o)
                              obj/V2ProtocolParams.o (symbol from plugin) (eeprom_read_byte)
/usr/lib/gcc/avr/5.4.0/../../../avr/lib/avr35/libatmega16u2.a(eeupd_byte.o)
                              obj/V2ProtocolParams.o (symbol from plugin) (eeprom_update_byte)
/usr/lib/gcc/avr/5.4.0/avr35/libgcc.a(_udivmodsi4.o)
                              /tmp/ccLM8n6K.ltrans1.ltrans.o (__udivmodsi4)
/usr/lib/gcc/avr/5.4.0/avr35/libgcc.a(_copy_data.o)
                              /tmp/ccLM8n6K.ltrans0.ltrans.o (__do_copy_data)
/usr/lib/gcc/avr/5.4.0/avr35/libgcc.a(_clear_bss.o)
                              /tmp/ccLM8n6K.ltrans0.ltrans.o (__do_clear_bss)

Allocating common symbols
Common symbol       size              file

USB_IsInitialized   0x1               obj/USBTask.o (symbol from plugin)
USB_ControlRequest  0x8               obj/USBTask.o (symbol from plugin)

Discarded input sections

 .data          0x0000000000000000        0x0 /usr/lib/gcc/avr/5.4.0/../../../avr/lib/avr35/crtatmega16u2.o
 .bss           0x0000000000000000        0x0 /usr/lib/gcc/avr/5.4.0/../../../avr/lib/avr35/crtatmega16u2.o
 .text          0x0000000000000000        0x0 obj/main.o (symbol from plugin)
 .data          0x0000000000000000        0x0 /tmp/ccLM8n6K.ltrans4.ltrans.o
 .bss           0x0000000000000000        0x0 /tmp/ccLM8n6K.ltrans4.ltrans.o
 .text          0x0000000000000000        0x0 obj/Descriptors.o (symbol from plugin)
 .text          0x0000000000000000        0x0 obj/AVRISPDescriptors.o (symbol from plugin)
 .text          0x0000000000000000        0x0 obj/V2Protocol.o (symbol from plugin)
 .text          0x0000000000000000        0x0 obj/V2ProtocolParams.o (symbol from plugin)
 .text          0x0000000000000000        0x0 obj/ISPProtocol.o (symbol from plugin)
 .text          0x0000000000000000        0x0 obj/ISPTarget.o (symbol from plugin)
 .text          0x0000000000000000        0x0 obj/XPROGProtocol.o (symbol from plugin)
 .text          0x0000000000000000        0x0 obj/XPROGTarget.o (symbol from plugin)
 .text          0x0000000000000000        0x0 obj/XMEGANVM.o (symbol from plugin)
 .text          0x0000000000000000        0x0 obj/TINYNVM.o (symbol from plugin)
 .text          0x0000000000000000        0x0 obj/HIDParser.o (symbol from plugin)
 .text          0x0000000000000000        0x0 obj/Device_AVR8.o (symbol from plugin)
 .text          0x0000000000000000        0x0 obj/EndpointStream_AVR8.o (symbol from plugin)
 .text          0x0000000000000000        0x0 obj/Endpoint_AVR8.o (symbol from plugin)
 .text          0x0000000000000000        0x0 obj/Host_AVR8.o (symbol from plugin)
 .text          0x0000000000000000        0x0 obj/PipeStream_AVR8.o (symbol from plugin)
 .text          0x0000000000000000        0x0 obj/Pipe_AVR8.o (symbol from plugin)
 .text          0x0000000000000000        0x0 obj/USBController_AVR8.o (symbol from plugin)
 .text          0x0000000000000000        0x0 obj/USBInterrupt_AVR8.o (symbol from plugin)
 .text          0x0000000000000000        0x0 obj/ConfigDescriptors.o (symbol from plugin)
 .text          0x0000000000000000        0x0 obj/DeviceStandardReq.o (symbol from plugin)
 .text          0x0000000000000000        0x0 obj/Events.o (symbol from plugin)
 .text          0x0000000000000000        0x0 obj/HostStandardReq.o (symbol from plugin)
 .text          0x0000000000000000        0x0 obj/USBTask.o (symbol from plugin)
 .text          0x0000000000000000        0x0 obj/AudioClassDevice.o (symbol from plugin)
 .text          0x0000000000000000        0x0 obj/CCIDClassDevice.o (symbol from plugin)
 .text          0x0000000000000000        0x0 obj/CDCClassDevice.o (symbol from plugin)
 .text          0x0000000000000000        0x0 obj/HIDClassDevice.o (symbol from plugin)
 .text          0x0000000000000000        0x0 obj/MassStorageClassDevice.o (symbol from plugin)
 .text          0x0000000000000000        0x0 obj/MIDIClassDevice.o (symbol from plugin)
 .text          0x0000000000000000        0x0 obj/PrinterClassDevice.o (symbol from plugin)
 .text          0x0000000000000000        0x0 obj/RNDISClassDevice.o (symbol from plugin)
 .text          0x0000000000000000        0x0 obj/AndroidAccessoryClassHost.o (symbol from plugin)
 .text          0x0000000000000000        0x0 obj/AudioClassHost.o (symbol from plugin)
 .text          0x0000000000000000        0x0 obj/CDCClassHost.o (symbol from plugin)
 .text          0x0000000000000000        0x0 obj/HIDClassHost.o (symbol from plugin)
 .text          0x0000000000000000        0x0 obj/MassStorageClassHost.o (symbol from plugin)
 .text          0x0000000000000000        0x0 obj/MIDIClassHost.o (symbol from plugin)
 .text          0x0000000000000000        0x0 obj/PrinterClassHost.o (symbol from plugin)
 .text          0x0000000000000000        0x0 obj/RNDISClassHost.o (symbol from plugin)
 .text          0x0000000000000000        0x0 obj/StillImageClassHost.o (symbol from plugin)
 .text          0x0000000000000000        0x0 /usr/lib/gcc/avr/5.4.0/avr35/libgcc.a(_exit.o)
 .data          0x0000000000000000        0x0 /usr/lib/gcc/avr/5.4.0/avr35/libgcc.a(_exit.o)
 .bss           0x0000000000000000        0x0 /usr/lib/gcc/avr/5.4.0/avr35/libgcc.a(_exit.o)
 .text.libgcc.mul
                0x0000000000000000        0x0 /usr/lib/gcc/avr/5.4.0/avr35/libgcc.a(_exit.o)
 .text.libgcc.div
                0x0000000000000000        0x0 /usr/lib/gcc/avr/5.4.0/avr35/libgcc.a(_exit.o)
 .text.libgcc   0x0000000000000000        0x0 /usr/lib/gcc/avr/5.4.0/avr35/libgcc.a(_exit.o)
 .text.libgcc.prologue
                0x0000000000000000        0x0 /usr/lib/gcc/avr/5.4.0/avr35/libgcc.a(_exit.o)
 .text.libgcc.builtins
                0x0000000000000000        0x0 /usr/lib/gcc/avr/5.4.0/avr35/libgcc.a(_exit.o)
 .text.libgcc.fmul
                0x0000000000000000        0x0 /usr/lib/gcc/avr/5.4.0/avr35/libgcc.a(_exit.o)
 .text.libgcc.fixed
                0x0000000000000000        0x0 /usr/lib/gcc/avr/5.4.0/avr35/libgcc.a(_exit.o)
 .text          0x0000000000000000        0x0 /usr/lib/gcc/avr/5.4.0/../../../avr/lib/avr35/libc.a(memcpy_P.o)
 .data          0x0000000000000000        0x0 /usr/lib/gcc/avr/5.4.0/../../../avr/lib/avr35/libc.a(memcpy_P.o)
 .bss           0x0000000000000000        0x0 /usr/lib/gcc/avr/5.4.0/../../../avr/lib/avr35/libc.a(memcpy_P.o)
 .text.avr-libc
                0x0000000000000000       0x12 /usr/lib/gcc/avr/5.4.0/../../../avr/lib/avr35/libc.a(memcpy_P.o)
 .text          0x0000000000000000        0x0 /usr/lib/gcc/avr/5.4.0/../../../avr/lib/avr35/libc.a(strlen_P.o)
 .data          0x0000000000000000        0x0 /usr/lib/gcc/avr/5.4.0/../../../avr/lib/avr35/libc.a(strlen_P.o)
 .bss           0x0000000000000000        0x0 /usr/lib/gcc/avr/5.4.0/../../../avr/lib/avr35/libc.a(strlen_P.o)
 .text.avr-libc
                0x0000000000000000       0x12 /usr/lib/gcc/avr/5.4.0/../../../avr/lib/avr35/libc.a(strlen_P.o)
 .text          0x0000000000000000        0x0 /usr/lib/gcc/avr/5.4.0/../../../avr/lib/avr35/libatmega16u2.a(eerd_byte.o)
 .data          0x0000000000000000        0x0 /usr/lib/gcc/avr/5.4.0/../../../avr/lib/avr35/libatmega16u2.a(eerd_byte.o)
 .bss           0x0000000000000000        0x0 /usr/lib/gcc/avr/5.4.0/../../../avr/lib/avr35/libatmega16u2.a(eerd_byte.o)
 .text          0x0000000000000000        0x0 /usr/lib/gcc/avr/5.4.0/../../../avr/lib/avr35/libatmega16u2.a(eeupd_byte.o)
 .data          0x0000000000000000        0x0 /usr/lib/gcc/avr/5.4.0/../../../avr/lib/avr35/libatmega16u2.a(eeupd_byte.o)
 .bss           0x0000000000000000        0x0 /usr/lib/gcc/avr/5.4.0/../../../avr/lib/avr35/libatmega16u2.a(eeupd_byte.o)
 .text          0x0000000000000000        0x0 /usr/lib/gcc/avr/5.4.0/avr35/libgcc.a(_udivmodsi4.o)
 .data          0x0000000000000000        0x0 /usr/lib/gcc/avr/5.4.0/avr35/libgcc.a(_udivmodsi4.o)
 .bss           0x0000000000000000        0x0 /usr/lib/gcc/avr/5.4.0/avr35/libgcc.a(_udivmodsi4.o)
 .text.libgcc.mul
                0x0000000000000000        0x0 /usr/lib/gcc/avr/5.4.0/avr35/libgcc.a(_udivmodsi4.o)
 .text.libgcc   0x0000000000000000        0x0 /usr/lib/gcc/avr/5.4.0/avr35/libgcc.a(_udivmodsi4.o)
 .text.libgcc.prologue
                0x0000000000000000        0x0 /usr/lib/gcc/avr/5.4.0/avr35/libgcc.a(_udivmodsi4.o)
 .text.libgcc.builtins
                0x0000000000000000        0x0 /usr/lib/gcc/avr/5.4.0/avr35/libgcc.a(_udivmodsi4.o)
 .text.libgcc.fmul
                0x0000000000000000        0x0 /usr/lib/gcc/avr/5.4.0/avr35/libgcc.a(_udivmodsi4.o)
 .text.libgcc.fixed
                0x0000000000000000        0x0 /usr/lib/gcc/avr/5.4.0/avr35/libgcc.a(_udivmodsi4.o)
 .text          0x0000000000000000        0x0 /usr/lib/gcc/avr/5.4.0/avr35/libgcc.a(_copy_data.o)
 .data          0x0000000000000000        0x0 /usr/lib/gcc/avr/5.4.0/avr35/libgcc.a(_copy_data.o)
 .bss           0x0000000000000000        0x0 /usr/lib/gcc/avr/5.4.0/avr35/libgcc.a(_copy_data.o)
 .text.libgcc.mul
                0x0000000000000000        0x0 /usr/lib/gcc/avr/5.4.0/avr35/libgcc.a(_copy_data.o)
 .text.libgcc.div
                0x0000000000000000        0x0 /usr/lib/gcc/avr/5.4.0/avr35/libgcc.a(_copy_data.o)
 .text.libgcc   0x0000000000000000        0x0 /usr/lib/gcc/avr/5.4.0/avr35/libgcc.a(_copy_data.o)
 .text.libgcc.prologue
                0x0000000000000000        0x0 /usr/lib/gcc/avr/5.4.0/avr35/libgcc.a(_copy_data.o)
 .text.libgcc.builtins
                0x0000000000000000        0x0 /usr/lib/gcc/avr/5.4.0/avr35/libgcc.a(_copy_data.o)
 .text.libgcc.fmul
                0x0000000000000000        0x0 /usr/lib/gcc/avr/5.4.0/avr35/libgcc.a(_copy_data.o)
 .text.libgcc.fixed
                0x0000000000000000        0x0 /usr/lib/gcc/avr/5.4.0/avr35/libgcc.a(_copy_data.o)
 .text          0x0000000000000000        0x0 /usr/lib/gcc/avr/5.4.0/avr35/libgcc.a(_clear_bss.o)
 .data          0x0000000000000000        0x0 /usr/lib/gcc/avr/5.4.0/avr35/libgcc.a(_clear_bss.o)
 .bss           0x0000000000000000        0x0 /usr/lib/gcc/avr/5.4.0/avr35/libgcc.a(_clear_bss.o)
 .text.libgcc.mul
                0x0000000000000000        0x0 /usr/lib/gcc/avr/5.4.0/avr35/libgcc.a(_clear_bss.o)
 .text.libgcc.div
                0x0000000000000000        0x0 /usr/lib/gcc/avr/5.4.0/avr35/libgcc.a(_clear_bss.o)
 .text.libgcc   0x0000000000000000        0x0 /usr/lib/gcc/avr/5.4.0/avr35/libgcc.a(_clear_bss.o)
 .text.libgcc.prologue
                0x0000000000000000        0x0 /usr/lib/gcc/avr/5.4.0/avr35/libgcc.a(_clear_bss.o)
 .text.libgcc.builtins
                0x0000000000000000        0x0 /usr/lib/gcc/avr/5.4.0/avr35/libgcc.a(_clear_bss.o)
 .text.libgcc.fmul
                0x0000000000000000        0x0 /usr/lib/gcc/avr/5.4.0/avr35/libgcc.a(_clear_bss.o)
 .text.libgcc.fixed
                0x0000000000000000        0x0 /usr/lib/gcc/avr/5.4.0/avr35/libgcc.a(_clear_bss.o)

Memory Configuration

Name             Origin             Length             Attributes
text             0x0000000000000000 0x0000000000010000 xr
data             0x0000000000800060 0x000000000000ffa0 rw !x
eeprom           0x0000000000810000 0x0000000000010000 rw !x
fuse             0x0000000000820000 0x0000000000000003 rw !x
lock             0x0000000000830000 0x0000000000000400 rw !x
signature        0x0000000000840000 0x0000000000000400 rw !x
user_signatures  0x0000000000850000 0x0000000000000400 rw !x
*default*        0x0000000000000000 0xffffffffffffffff

Linker script and memory map

Address of section .data set to 0x800100
LOAD /usr/lib/gcc/avr/5.4.0/../../../avr/lib/avr35/crtatmega16u2.o
LOAD obj/main.o
LOAD /tmp/ccLM8n6K.ltrans0.ltrans.o
LOAD /tmp/ccLM8n6K.ltrans1.ltrans.o
LOAD /tmp/ccLM8n6K.ltrans2.ltrans.o
LOAD /tmp/ccLM8n6K.ltrans3.ltrans.o
LOAD /tmp/ccLM8n6K.ltrans4.ltrans.o
LOAD obj/Descriptors.o
LOAD obj/AVRISPDescriptors.o
LOAD obj/V2Protocol.o
LOAD obj/V2ProtocolParams.o
LOAD obj/ISPProtocol.o
LOAD obj/ISPTarget.o
LOAD obj/XPROGProtocol.o
LOAD obj/XPROGTarget.o
LOAD obj/XMEGANVM.o
LOAD obj/TINYNVM.o
LOAD obj/HIDParser.o
LOAD obj/Device_AVR8.o
LOAD obj/EndpointStream_AVR8.o
LOAD obj/Endpoint_AVR8.o
LOAD obj/Host_AVR8.o
LOAD obj/PipeStream_AVR8.o
LOAD obj/Pipe_AVR8.o
LOAD obj/USBController_AVR8.o
LOAD obj/USBInterrupt_AVR8.o
LOAD obj/ConfigDescriptors.o
LOAD obj/DeviceStandardReq.o
LOAD obj/Events.o
LOAD obj/HostStandardReq.o
LOAD obj/USBTask.o
LOAD obj/AudioClassDevice.o
LOAD obj/CCIDClassDevice.o
LOAD obj/CDCClassDevice.o
LOAD obj/HIDClassDevice.o
LOAD obj/MassStorageClassDevice.o
LOAD obj/MIDIClassDevice.o
LOAD obj/PrinterClassDevice.o
LOAD obj/RNDISClassDevice.o
LOAD obj/AndroidAccessoryClassHost.o
LOAD obj/AudioClassHost.o
LOAD obj/CDCClassHost.o
LOAD obj/HIDClassHost.o
LOAD obj/MassStorageClassHost.o
LOAD obj/MIDIClassHost.o
LOAD obj/PrinterClassHost.o
LOAD obj/RNDISClassHost.o
LOAD obj/StillImageClassHost.o
LOAD /usr/lib/gcc/avr/5.4.0/../../../avr/lib/avr35/libm.a
START GROUP
LOAD /usr/lib/gcc/avr/5.4.0/avr35/libgcc.a
LOAD /usr/lib/gcc/avr/5.4.0/../../../avr/lib/avr35/libm.a
LOAD /usr/lib/gcc/avr/5.4.0/../../../avr/lib/avr35/libc.a
LOAD /usr/lib/gcc/avr/5.4.0/../../../avr/lib/avr35/libatmega16u2.a
END GROUP
                0x0000000000010000                __TEXT_REGION_LENGTH__ = DEFINED (__TEXT_REGION_LENGTH__)?__TEXT_REGION_LENGTH__:0x10000
                0x000000000000ffa0                __DATA_REGION_LENGTH__ = DEFINED (__DATA_REGION_LENGTH__)?__DATA_REGION_LENGTH__:0xffa0
                0x0000000000010000                __EEPROM_REGION_LENGTH__ = DEFINED (__EEPROM_REGION_LENGTH__)?__EEPROM_REGION_LENGTH__:0x10000
                [0x0000000000000003]                __FUSE_REGION_LENGTH__ = DEFINED (__FUSE_REGION_LENGTH__)?__FUSE_REGION_LENGTH__:0x400
                0x0000000000000400                __LOCK_REGION_LENGTH__ = DEFINED (__LOCK_REGION_LENGTH__)?__LOCK_REGION_LENGTH__:0x400
                0x0000000000000400                __SIGNATURE_REGION_LENGTH__ = DEFINED (__SIGNATURE_REGION_LENGTH__)?__SIGNATURE_REGION_LENGTH__:0x400
                0x0000000000000400                __USER_SIGNATURE_REGION_LENGTH__ = DEFINED (__USER_SIGNATURE_REGION_LENGTH__)?__USER_SIGNATURE_REGION_LENGTH__:0x400

.hash
 *(.hash)

.dynsym
 *(.dynsym)

.dynstr
 *(.dynstr)

.gnu.version
 *(.gnu.version)

.gnu.version_d
 *(.gnu.version_d)

.gnu.version_r
 *(.gnu.version_r)

.rel.init
 *(.rel.init)

.rela.init
 *(.rela.init)

.rel.text
 *(.rel.text)
 *(.rel.text.*)
 *(.rel.gnu.linkonce.t*)

.rela.text
 *(.rela.text)
 *(.rela.text.*)
 *(.rela.gnu.linkonce.t*)

.rel.fini
 *(.rel.fini)

.rela.fini
 *(.rela.fini)

.rel.rodata
 *(.rel.rodata)
 *(.rel.rodata.*)
 *(.rel.gnu.linkonce.r*)

.rela.rodata
 *(.rela.rodata)
 *(.rela.rodata.*)
 *(.rela.gnu.linkonce.r*)

.rel.data
 *(.rel.data)
 *(.rel.data.*)
 *(.rel.gnu.linkonce.d*)

.rela.data
 *(.rela.data)
 *(.rela.data.*)
 *(.rela.gnu.linkonce.d*)

.rel.ctors
 *(.rel.ctors)

.rela.ctors
 *(.rela.ctors)

.rel.dtors
 *(.rel.dtors)

.rela.dtors
 *(.rela.dtors)

.rel.got
 *(.rel.got)

.rela.got
 *(.rela.got)

.rel.bss
 *(.rel.bss)

.rela.bss
 *(.rela.bss)

.rel.plt
 *(.rel.plt)

.rela.plt
 *(.rela.plt)

.text           0x0000000000000000     0x2972
 *(.vectors)
 .vectors       0x0000000000000000       0x74 /usr/lib/gcc/avr/5.4.0/../../../avr/lib/avr35/crtatmega16u2.o
                0x0000000000000000                __vectors
                0x0000000000000000                __vector_default
 *(.vectors)
 *(.progmem.gcc*)
                0x0000000000000074                . = ALIGN (0x2)
                0x0000000000000074                __trampolines_start = .
 *(.trampolines)
 .trampolines   0x0000000000000074        0x0 linker stubs
 *(.trampolines*)
                0x0000000000000074                __trampolines_end = .
 *libprintf_flt.a:*(.progmem.data)
 *libc.a:*(.progmem.data)
 *(.progmem*)
 .progmem.data  0x0000000000000074      0x141 /tmp/ccLM8n6K.ltrans0.ltrans.o
 .progmem.data  0x00000000000001b5      0x11c /tmp/ccLM8n6K.ltrans1.ltrans.o
                0x00000000000002d2                . = ALIGN (0x2)
 *fill*         0x00000000000002d1        0x1 
 *(.jumptables)
 *(.jumptables*)
 *(.lowtext)
 *(.lowtext*)
                0x00000000000002d2                __ctors_start = .
 *(.ctors)
                0x00000000000002d2                __ctors_end = .
                0x00000000000002d2                __dtors_start = .
 *(.dtors)
                0x00000000000002d2                __dtors_end = .
 SORT(*)(.ctors)
 SORT(*)(.dtors)
 *(.init0)
 .init0         0x00000000000002d2        0x0 /usr/lib/gcc/avr/5.4.0/../../../avr/lib/avr35/crtatmega16u2.o
                0x00000000000002d2                __init
 *(.init0)
 *(.init1)
 *(.init1)
 *(.init2)
 .init2         0x00000000000002d2        0xc /usr/lib/gcc/avr/5.4.0/../../../avr/lib/avr35/crtatmega16u2.o
 *(.init2)
 *(.init3)
 *(.init3)
 *(.init4)
 .init4         0x00000000000002de       0x16 /usr/lib/gcc/avr/5.4.0/avr35/libgcc.a(_copy_data.o)
                0x00000000000002de                __do_copy_data
 .init4         0x00000000000002f4       0x10 /usr/lib/gcc/avr/5.4.0/avr35/libgcc.a(_clear_bss.o)
                0x00000000000002f4                __do_clear_bss
 *(.init4)
 *(.init5)
 *(.init5)
 *(.init6)
 *(.init6)
 *(.init7)
 *(.init7)
 *(.init8)
 *(.init8)
 *(.init9)
 .init9         0x0000000000000304        0x8 /usr/lib/gcc/avr/5.4.0/../../../avr/lib/avr35/crtatmega16u2.o
 *(.init9)
 *(.text)
 .text          0x000000000000030c        0x2 /usr/lib/gcc/avr/5.4.0/../../../avr/lib/avr35/crtatmega16u2.o
                0x000000000000030c                __vector_22
                0x000000000000030c                __vector_28
                0x000000000000030c                __vector_1
                0x000000000000030c                __vector_24
                0x000000000000030c                __vector_12
                0x000000000000030c                __bad_interrupt
                0x000000000000030c                __vector_6
                0x000000000000030c                __vector_3
                0x000000000000030c                __vector_25
                0x000000000000030c                __vector_13
                0x000000000000030c                __vector_17
                0x000000000000030c                __vector_7
                0x000000000000030c                __vector_27
                0x000000000000030c                __vector_5
                0x000000000000030c                __vector_4
                0x000000000000030c                __vector_2
                0x000000000000030c                __vector_21
                0x000000000000030c                __vector_8
                0x000000000000030c                __vector_26
                0x000000000000030c                __vector_14
                0x000000000000030c                __vector_10
                0x000000000000030c                __vector_16
                0x000000000000030c                __vector_20
 .text          0x000000000000030e       0x68 /tmp/ccLM8n6K.ltrans0.ltrans.o
                0x0000000000000340                RingBuffer_Insert.lto_priv.28
 .text          0x0000000000000376      0x9a2 /tmp/ccLM8n6K.ltrans1.ltrans.o
                0x00000000000003b0                Endpoint_WaitUntilReady
                0x0000000000000414                Endpoint_ConfigureEndpoint_Prv
                0x000000000000043c                USB_DeviceTask.lto_priv.16
                0x0000000000000ad0                __vector_11
                0x0000000000000bee                TINYNVM_WaitWhileNVMControllerBusy
                0x0000000000000c14                XMEGANVM_WaitWhileNVMBusBusy
                0x0000000000000c14                TINYNVM_WaitWhileNVMBusBusy
                0x0000000000000c2c                TINYNVM_SendWriteNVMRegister.lto_priv.23
                0x0000000000000c3a                TINYNVM_SendPointerAddress.lto_priv.22
                0x0000000000000c56                XMEGANVM_SendAddress.lto_priv.24
                0x0000000000000c78                XMEGANVM_SendNVMRegAddress.lto_priv.25
                0x0000000000000c9c                XMEGANVM_WaitWhileNVMControllerBusy
                0x0000000000000cbc                XPROGTarget_SetRxMode.lto_priv.21
                0x0000000000000cec                XPROGTarget_SetTxMode.lto_priv.20
 .text          0x0000000000000d18      0x672 /tmp/ccLM8n6K.ltrans2.ltrans.o
                0x0000000000000d18                XPROGTarget_SendIdle
                0x0000000000000d36                XPROGTarget_ReceiveByte
                0x0000000000000d52                XPROGTarget_SendByte
                0x0000000000000d7a                XPROGProtocol_ReadMemory.lto_priv.34
                0x0000000000000f5a                XPROGProtocol_WriteMemory.lto_priv.35
                0x00000000000011a4                ISPTarget_ChangeTargetResetLine
                0x00000000000011c4                ISPTarget_TransferSoftSPIByte
                0x0000000000001202                ISPTarget_ConfigureRescueClock
                0x0000000000001226                __vector_15
                0x0000000000001282                ISPTarget_SendByte.lto_priv.18.lto_priv.27
                0x0000000000001296                ISPTarget_LoadExtendedAddress
                0x00000000000012a8                ISPTarget_WaitWhileTargetBusy
                0x00000000000012e4                ISPProtocol_DelayMS
                0x0000000000001300                ISPTarget_WaitForProgComplete
 .text          0x000000000000138a      0x4a2 /tmp/ccLM8n6K.ltrans3.ltrans.o
                0x000000000000138a                ISPProtocol_ProgramMemory
                0x00000000000015e2                __vector_9
                0x0000000000001604                __vector_18
                0x0000000000001634                ISPTarget_TransferByte.lto_priv.36
                0x000000000000164a                ISPTarget_ReceiveByte.lto_priv.37
                0x0000000000001662                ISPProtocol_SPIMulti
                0x0000000000001772                V2Params_GetParamFromTable.lto_priv.26
                0x0000000000001790                __vector_19
                0x00000000000017ba                __vector_23
 .text          0x000000000000182c      0x116 /tmp/ccLM8n6K.ltrans4.ltrans.o
                0x000000000000182c                Endpoint_ConfigureEndpointTable.constprop.13
                0x000000000000188a                Endpoint_Read_Stream_LE.constprop.5
                0x00000000000018e6                Endpoint_Write_Stream_LE.constprop.4
                0x0000000000001942                . = ALIGN (0x2)
 *(.text.*)
 .text.startup  0x0000000000001942      0xfb4 /tmp/ccLM8n6K.ltrans0.ltrans.o
                0x0000000000001942                main
 .text.avr-libc
                0x00000000000028f6       0x10 /usr/lib/gcc/avr/5.4.0/../../../avr/lib/avr35/libatmega16u2.a(eerd_byte.o)
                0x00000000000028f6                eeprom_read_byte
 .text.avr-libc
                0x0000000000002906       0x24 /usr/lib/gcc/avr/5.4.0/../../../avr/lib/avr35/libatmega16u2.a(eeupd_byte.o)
                0x0000000000002906                eeprom_update_byte
                0x0000000000002908                eeprom_update_r18
 .text.libgcc.div
                0x000000000000292a       0x44 /usr/lib/gcc/avr/5.4.0/avr35/libgcc.a(_udivmodsi4.o)
                0x000000000000292a                __udivmodsi4
                0x000000000000296e                . = ALIGN (0x2)
 *(.fini9)
 .fini9         0x000000000000296e        0x0 /usr/lib/gcc/avr/5.4.0/avr35/libgcc.a(_exit.o)
                0x000000000000296e                exit
                0x000000000000296e                _exit
 *(.fini9)
 *(.fini8)
 *(.fini8)
 *(.fini7)
 *(.fini7)
 *(.fini6)
 *(.fini6)
 *(.fini5)
 *(.fini5)
 *(.fini4)
 *(.fini4)
 *(.fini3)
 *(.fini3)
 *(.fini2)
 *(.fini2)
 *(.fini1)
 *(.fini1)
 *(.fini0)
 .fini0         0x000000000000296e        0x4 /usr/lib/gcc/avr/5.4.0/avr35/libgcc.a(_exit.o)
 *(.fini0)
                0x0000000000002972                _etext = .

.data           0x0000000000800100       0x76 load address 0x0000000000002972
                0x0000000000800100                PROVIDE (__data_start, .)
 *(.data)
 .data          0x0000000000800100        0x2 /tmp/ccLM8n6K.ltrans0.ltrans.o
 .data          0x0000000000800102       0x21 /tmp/ccLM8n6K.ltrans1.ltrans.o
                0x0000000000800102                XPROG_Param_NVMBase
                0x0000000000800106                XPROG_Param_NVMCSRRegAddr
                0x0000000000800108                VirtualSerial_CDC_Interface
 .data          0x0000000000800123        0x2 /tmp/ccLM8n6K.ltrans2.ltrans.o
                0x0000000000800123                ISPTarget_HardwareSPIMode
                0x0000000000800124                XPROG_Param_NVMCMDRegAddr
 .data          0x0000000000800125       0x1e /tmp/ccLM8n6K.ltrans3.ltrans.o
 *(.data*)
 *(.gnu.linkonce.d*)
 *(.rodata)
 .rodata        0x0000000000800143       0x10 /tmp/ccLM8n6K.ltrans0.ltrans.o
 .rodata        0x0000000000800153       0x18 /tmp/ccLM8n6K.ltrans2.ltrans.o
 *(.rodata*)
 .rodata.str1.1
                0x000000000080016b        0xb /tmp/ccLM8n6K.ltrans0.ltrans.o
 *(.gnu.linkonce.r*)
                0x0000000000800176                . = ALIGN (0x2)
                0x0000000000800176                _edata = .
                0x0000000000800176                PROVIDE (__data_end, .)

.bss            0x0000000000800176      0x12e
                0x0000000000800176                PROVIDE (__bss_start, .)
 *(.bss)
 .bss           0x0000000000800176      0x10d /tmp/ccLM8n6K.ltrans0.ltrans.o
 .bss           0x0000000000800283        0xa /tmp/ccLM8n6K.ltrans1.ltrans.o
                0x0000000000800283                IsSending.lto_priv.17
                0x0000000000800284                USB_Device_ConfigurationNumber
 .bss           0x000000000080028d        0x7 /tmp/ccLM8n6K.ltrans2.ltrans.o
                0x000000000080028d                CurrentAddress
                0x0000000000800291                XPROG_SelectedProtocol
 .bss           0x0000000000800294       0x10 /tmp/ccLM8n6K.ltrans3.ltrans.o
                0x0000000000800294                USARTtoUSB_Buffer.lto_priv.29
                0x00000000008002a0                ISPProtocol_HalfCyclesRemaining.lto_priv.32
                0x00000000008002a2                ISPProtocol_ResponseTogglesRemaining.lto_priv.33
                0x00000000008002a3                MustLoadExtendedAddress
 *(.bss*)
 *(COMMON)
                0x00000000008002a4                PROVIDE (__bss_end, .)
                0x0000000000002972                __data_load_start = LOADADDR (.data)
                0x00000000000029e8                __data_load_end = (__data_load_start + SIZEOF (.data))

.noinit         0x00000000008002a4        0x1
                [!provide]                        PROVIDE (__noinit_start, .)
 *(.noinit*)
 .noinit        0x00000000008002a4        0x1 /tmp/ccLM8n6K.ltrans1.ltrans.o
                0x00000000008002a4                DeviceMode
                [!provide]                        PROVIDE (__noinit_end, .)
                0x00000000008002a5                _end = .
                [!provide]                        PROVIDE (__heap_start, .)

.eeprom         0x0000000000810000        0x2
 *(.eeprom*)
 .eeprom        0x0000000000810000        0x2 /tmp/ccLM8n6K.ltrans0.ltrans.o
                0x0000000000810002                __eeprom_end = .

.fuse
 *(.fuse)
 *(.lfuse)
 *(.hfuse)
 *(.efuse)

.lock
 *(.lock*)

.signature
 *(.signature*)

.user_signatures
 *(.user_signatures*)

.stab
 *(.stab)

.stabstr
 *(.stabstr)

.stab.excl
 *(.stab.excl)

.stab.exclstr
 *(.stab.exclstr)

.stab.index
 *(.stab.index)

.stab.indexstr
 *(.stab.indexstr)

.comment        0x0000000000000000       0x11
 *(.comment)
 .comment       0x0000000000000000       0x11 /tmp/ccLM8n6K.ltrans0.ltrans.o
                                         0x12 (size before relaxing)
 .comment       0x0000000000000011       0x12 /tmp/ccLM8n6K.ltrans1.ltrans.o
 .comment       0x0000000000000011       0x12 /tmp/ccLM8n6K.ltrans2.ltrans.o
 .comment       0x0000000000000011       0x12 /tmp/ccLM8n6K.ltrans3.ltrans.o
 .comment       0x0000000000000011       0x12 /tmp/ccLM8n6K.ltrans4.ltrans.o

.note.gnu.avr.deviceinfo
                0x0000000000000000       0x40
 .note.gnu.avr.deviceinfo
                0x0000000000000000       0x40 /usr/lib/gcc/avr/5.4.0/../../../avr/lib/avr35/crtatmega16u2.o

.note.gnu.build-id
 *(.note.gnu.build-id)

.debug
 *(.debug)

.line
 *(.line)

.debug_srcinfo
 *(.debug_srcinfo)

.debug_sfnames
 *(.debug_sfnames)

.debug_aranges
 *(.debug_aranges)

.debug_pubnames
 *(.debug_pubnames)

.debug_info     0x0000000000000000      0x6ba
 *(.debug_info .gnu.linkonce.wi.*)
 .debug_info    0x0000000000000000      0x6ba /usr/lib/gcc/avr/5.4.0/../../../avr/lib/avr35/crtatmega16u2.o

.debug_abbrev   0x0000000000000000      0x65d
 *(.debug_abbrev)
 .debug_abbrev  0x0000000000000000      0x65d /usr/lib/gcc/avr/5.4.0/../../../avr/lib/avr35/crtatmega16u2.o

.debug_line     0x0000000000000000       0x1a
 *(.debug_line .debug_line.* .debug_line_end)
 .debug_line    0x0000000000000000       0x1a /usr/lib/gcc/avr/5.4.0/../../../avr/lib/avr35/crtatmega16u2.o

.debug_frame
 *(.debug_frame)

.debug_str      0x0000000000000000      0x262
 *(.debug_str)
 .debug_str     0x0000000000000000      0x262 /usr/lib/gcc/avr/5.4.0/../../../avr/lib/avr35/crtatmega16u2.o

.debug_loc
 *(.debug_loc)

.debug_macinfo
 *(.debug_macinfo)

.debug_weaknames
 *(.debug_weaknames)

.debug_funcnames
 *(.debug_funcnames)

.debug_typenames
 *(.debug_typenames)

.debug_varnames
 *(.debug_varnames)

.debug_pubtypes
 *(.debug_pubtypes)

.debug_ranges
 *(.debug_ranges)

.debug_macro
 *(.debug_macro)
OUTPUT(firmware.elf elf32-avr)
LOAD linker stubs

Cross Reference Table

Symbol                                            File
AVRISP_ConfigurationDescriptor                    obj/AVRISPDescriptors.o (symbol from plugin)
AVRISP_DeviceDescriptor                           obj/AVRISPDescriptors.o (symbol from plugin)
AVRISP_GetDescriptor                              obj/AVRISPDescriptors.o (symbol from plugin)
                                                  obj/main.o (symbol from plugin)
AVRISP_LanguageString                             obj/AVRISPDescriptors.o (symbol from plugin)
AVRISP_ManufacturerString                         obj/AVRISPDescriptors.o (symbol from plugin)
AVRISP_ProductString                              obj/AVRISPDescriptors.o (symbol from plugin)
AVRISP_SerialString                               obj/AVRISPDescriptors.o (symbol from plugin)
AVRISP_Task                                       obj/main.o (symbol from plugin)
Audio_Device_ConfigureEndpoints                   obj/AudioClassDevice.o (symbol from plugin)
Audio_Device_Event_Stub                           obj/AudioClassDevice.o (symbol from plugin)
Audio_Device_ProcessControlRequest                obj/AudioClassDevice.o (symbol from plugin)
CALLBACK_Audio_Device_GetSetEndpointProperty      obj/AudioClassDevice.o (symbol from plugin)
CALLBACK_Audio_Device_GetSetInterfaceProperty     obj/AudioClassDevice.o (symbol from plugin)
CALLBACK_CCID_Abort                               obj/CCIDClassDevice.o (symbol from plugin)
CALLBACK_CCID_GetParameters_T0                    obj/CCIDClassDevice.o (symbol from plugin)
CALLBACK_CCID_GetSlotStatus                       obj/CCIDClassDevice.o (symbol from plugin)
CALLBACK_CCID_IccPowerOff                         obj/CCIDClassDevice.o (symbol from plugin)
CALLBACK_CCID_IccPowerOn                          obj/CCIDClassDevice.o (symbol from plugin)
CALLBACK_CCID_SetParameters_T0                    obj/CCIDClassDevice.o (symbol from plugin)
CALLBACK_CCID_XfrBlock                            obj/CCIDClassDevice.o (symbol from plugin)
CALLBACK_HIDParser_FilterHIDReportItem            obj/HIDParser.o (symbol from plugin)
CALLBACK_HID_Device_CreateHIDReport               obj/HIDClassDevice.o (symbol from plugin)
CALLBACK_HID_Device_ProcessHIDReport              obj/HIDClassDevice.o (symbol from plugin)
CALLBACK_MS_Device_SCSICommandReceived            obj/MassStorageClassDevice.o (symbol from plugin)
CALLBACK_USB_GetDescriptor                        obj/main.o (symbol from plugin)
                                                  obj/DeviceStandardReq.o (symbol from plugin)
CCID_CheckStatusNoError                           obj/CCIDClassDevice.o (symbol from plugin)
CCID_Device_ConfigureEndpoints                    obj/CCIDClassDevice.o (symbol from plugin)
CCID_Device_ProcessControlRequest                 obj/CCIDClassDevice.o (symbol from plugin)
CCID_Device_USBTask                               obj/CCIDClassDevice.o (symbol from plugin)
CDC_Device_BytesReceived                          obj/CDCClassDevice.o (symbol from plugin)
CDC_Device_ConfigureEndpoints                     obj/CDCClassDevice.o (symbol from plugin)
                                                  obj/main.o (symbol from plugin)
CDC_Device_CreateBlockingStream                   obj/CDCClassDevice.o (symbol from plugin)
CDC_Device_CreateStream                           obj/CDCClassDevice.o (symbol from plugin)
CDC_Device_Event_Stub                             obj/CDCClassDevice.o (symbol from plugin)
CDC_Device_Event_Stub_2                           obj/CDCClassDevice.o (symbol from plugin)
CDC_Device_Flush                                  obj/CDCClassDevice.o (symbol from plugin)
CDC_Device_ProcessControlRequest                  obj/CDCClassDevice.o (symbol from plugin)
                                                  obj/main.o (symbol from plugin)
CDC_Device_ReceiveByte                            obj/CDCClassDevice.o (symbol from plugin)
                                                  obj/main.o (symbol from plugin)
CDC_Device_SendByte                               obj/CDCClassDevice.o (symbol from plugin)
                                                  obj/main.o (symbol from plugin)
CDC_Device_SendControlLineStateChange             obj/CDCClassDevice.o (symbol from plugin)
CDC_Device_SendData                               obj/CDCClassDevice.o (symbol from plugin)
CDC_Device_SendData_P                             obj/CDCClassDevice.o (symbol from plugin)
CDC_Device_SendString                             obj/CDCClassDevice.o (symbol from plugin)
CDC_Device_SendString_P                           obj/CDCClassDevice.o (symbol from plugin)
CDC_Device_USBTask                                obj/CDCClassDevice.o (symbol from plugin)
                                                  obj/main.o (symbol from plugin)
CDC_GetDescriptor                                 obj/Descriptors.o (symbol from plugin)
                                                  obj/main.o (symbol from plugin)
CDC_Task                                          obj/main.o (symbol from plugin)
ConfigurationDescriptor                           obj/Descriptors.o (symbol from plugin)
CurrentAddress                                    /tmp/ccLM8n6K.ltrans2.ltrans.o
                                                  obj/V2Protocol.o (symbol from plugin)
                                                  /tmp/ccLM8n6K.ltrans3.ltrans.o
                                                  /tmp/ccLM8n6K.ltrans0.ltrans.o
                                                  obj/ISPTarget.o (symbol from plugin)
                                                  obj/ISPProtocol.o (symbol from plugin)
DeviceDescriptor                                  obj/Descriptors.o (symbol from plugin)
DeviceMode                                        /tmp/ccLM8n6K.ltrans1.ltrans.o
                                                  obj/main.o (symbol from plugin)
                                                  /tmp/ccLM8n6K.ltrans0.ltrans.o
EVENT_Audio_Device_StreamStartStop                obj/AudioClassDevice.o (symbol from plugin)
EVENT_CDC_Device_BreakSent                        obj/CDCClassDevice.o (symbol from plugin)
EVENT_CDC_Device_ControLineStateChanged           obj/CDCClassDevice.o (symbol from plugin)
EVENT_CDC_Device_LineEncodingChanged              obj/main.o (symbol from plugin)
EVENT_PRNT_Device_SoftReset                       obj/PrinterClassDevice.o (symbol from plugin)
EVENT_USB_Device_ConfigurationChanged             obj/main.o (symbol from plugin)
                                                  obj/DeviceStandardReq.o (symbol from plugin)
EVENT_USB_Device_Connect                          obj/Events.o (symbol from plugin)
                                                  obj/USBInterrupt_AVR8.o (symbol from plugin)
EVENT_USB_Device_ControlRequest                   obj/main.o (symbol from plugin)
                                                  obj/DeviceStandardReq.o (symbol from plugin)
EVENT_USB_Device_Disconnect                       obj/Events.o (symbol from plugin)
                                                  obj/USBInterrupt_AVR8.o (symbol from plugin)
EVENT_USB_Device_Reset                            obj/Events.o (symbol from plugin)
                                                  obj/USBInterrupt_AVR8.o (symbol from plugin)
EVENT_USB_Device_StartOfFrame                     obj/Events.o (symbol from plugin)
EVENT_USB_Device_Suspend                          obj/Events.o (symbol from plugin)
EVENT_USB_Device_WakeUp                           obj/Events.o (symbol from plugin)
Endpoint_ClearEndpoints                           obj/Endpoint_AVR8.o (symbol from plugin)
Endpoint_ClearStatusStage                         obj/Endpoint_AVR8.o (symbol from plugin)
                                                  obj/PrinterClassDevice.o (symbol from plugin)
                                                  obj/MassStorageClassDevice.o (symbol from plugin)
                                                  obj/HIDClassDevice.o (symbol from plugin)
                                                  obj/CDCClassDevice.o (symbol from plugin)
                                                  obj/AudioClassDevice.o (symbol from plugin)
                                                  obj/DeviceStandardReq.o (symbol from plugin)
                                                  obj/main.o (symbol from plugin)
Endpoint_ConfigureEndpointTable                   obj/Endpoint_AVR8.o (symbol from plugin)
                                                  obj/RNDISClassDevice.o (symbol from plugin)
                                                  obj/PrinterClassDevice.o (symbol from plugin)
                                                  obj/MIDIClassDevice.o (symbol from plugin)
                                                  obj/MassStorageClassDevice.o (symbol from plugin)
                                                  obj/HIDClassDevice.o (symbol from plugin)
                                                  obj/CDCClassDevice.o (symbol from plugin)
                                                  obj/CCIDClassDevice.o (symbol from plugin)
                                                  obj/AudioClassDevice.o (symbol from plugin)
Endpoint_ConfigureEndpointTable.constprop.13      /tmp/ccLM8n6K.ltrans4.ltrans.o
                                                  /tmp/ccLM8n6K.ltrans1.ltrans.o
Endpoint_ConfigureEndpoint_Prv                    /tmp/ccLM8n6K.ltrans1.ltrans.o
                                                  obj/Endpoint_AVR8.o (symbol from plugin)
                                                  /tmp/ccLM8n6K.ltrans4.ltrans.o
                                                  /tmp/ccLM8n6K.ltrans0.ltrans.o
                                                  obj/USBInterrupt_AVR8.o (symbol from plugin)
                                                  obj/USBController_AVR8.o (symbol from plugin)
                                                  obj/main.o (symbol from plugin)
Endpoint_Discard_Stream                           obj/EndpointStream_AVR8.o (symbol from plugin)
Endpoint_Null_Stream                              obj/EndpointStream_AVR8.o (symbol from plugin)
Endpoint_Read_Control_EStream_BE                  obj/EndpointStream_AVR8.o (symbol from plugin)
Endpoint_Read_Control_EStream_LE                  obj/EndpointStream_AVR8.o (symbol from plugin)
Endpoint_Read_Control_Stream_BE                   obj/EndpointStream_AVR8.o (symbol from plugin)
Endpoint_Read_Control_Stream_LE                   obj/EndpointStream_AVR8.o (symbol from plugin)
                                                  obj/RNDISClassDevice.o (symbol from plugin)
                                                  obj/HIDClassDevice.o (symbol from plugin)
                                                  obj/AudioClassDevice.o (symbol from plugin)
Endpoint_Read_EStream_BE                          obj/EndpointStream_AVR8.o (symbol from plugin)
Endpoint_Read_EStream_LE                          obj/EndpointStream_AVR8.o (symbol from plugin)
Endpoint_Read_Stream_BE                           obj/EndpointStream_AVR8.o (symbol from plugin)
                                                  obj/V2Protocol.o (symbol from plugin)
Endpoint_Read_Stream_LE                           obj/EndpointStream_AVR8.o (symbol from plugin)
                                                  obj/RNDISClassDevice.o (symbol from plugin)
                                                  obj/MIDIClassDevice.o (symbol from plugin)
                                                  obj/MassStorageClassDevice.o (symbol from plugin)
                                                  obj/CCIDClassDevice.o (symbol from plugin)
                                                  obj/XPROGProtocol.o (symbol from plugin)
                                                  obj/ISPProtocol.o (symbol from plugin)
Endpoint_Read_Stream_LE.constprop.5               /tmp/ccLM8n6K.ltrans4.ltrans.o
                                                  /tmp/ccLM8n6K.ltrans3.ltrans.o
                                                  /tmp/ccLM8n6K.ltrans2.ltrans.o
                                                  /tmp/ccLM8n6K.ltrans0.ltrans.o
Endpoint_WaitUntilReady                           /tmp/ccLM8n6K.ltrans1.ltrans.o
                                                  obj/Endpoint_AVR8.o (symbol from plugin)
                                                  /tmp/ccLM8n6K.ltrans4.ltrans.o
                                                  /tmp/ccLM8n6K.ltrans3.ltrans.o
                                                  /tmp/ccLM8n6K.ltrans2.ltrans.o
                                                  /tmp/ccLM8n6K.ltrans0.ltrans.o
                                                  obj/RNDISClassDevice.o (symbol from plugin)
                                                  obj/PrinterClassDevice.o (symbol from plugin)
                                                  obj/MIDIClassDevice.o (symbol from plugin)
                                                  obj/CDCClassDevice.o (symbol from plugin)
                                                  obj/EndpointStream_AVR8.o (symbol from plugin)
                                                  obj/XPROGProtocol.o (symbol from plugin)
                                                  obj/ISPProtocol.o (symbol from plugin)
                                                  obj/V2Protocol.o (symbol from plugin)
Endpoint_Write_Control_EStream_BE                 obj/EndpointStream_AVR8.o (symbol from plugin)
Endpoint_Write_Control_EStream_LE                 obj/EndpointStream_AVR8.o (symbol from plugin)
Endpoint_Write_Control_PStream_BE                 obj/EndpointStream_AVR8.o (symbol from plugin)
Endpoint_Write_Control_PStream_LE                 obj/EndpointStream_AVR8.o (symbol from plugin)
                                                  obj/DeviceStandardReq.o (symbol from plugin)
Endpoint_Write_Control_Stream_BE                  obj/EndpointStream_AVR8.o (symbol from plugin)
Endpoint_Write_Control_Stream_LE                  obj/EndpointStream_AVR8.o (symbol from plugin)
                                                  obj/RNDISClassDevice.o (symbol from plugin)
                                                  obj/PrinterClassDevice.o (symbol from plugin)
                                                  obj/HIDClassDevice.o (symbol from plugin)
                                                  obj/AudioClassDevice.o (symbol from plugin)
Endpoint_Write_EStream_BE                         obj/EndpointStream_AVR8.o (symbol from plugin)
Endpoint_Write_EStream_LE                         obj/EndpointStream_AVR8.o (symbol from plugin)
Endpoint_Write_PStream_BE                         obj/EndpointStream_AVR8.o (symbol from plugin)
Endpoint_Write_PStream_LE                         obj/EndpointStream_AVR8.o (symbol from plugin)
                                                  obj/CDCClassDevice.o (symbol from plugin)
Endpoint_Write_Stream_BE                          obj/EndpointStream_AVR8.o (symbol from plugin)
Endpoint_Write_Stream_LE                          obj/EndpointStream_AVR8.o (symbol from plugin)
                                                  obj/RNDISClassDevice.o (symbol from plugin)
                                                  obj/PrinterClassDevice.o (symbol from plugin)
                                                  obj/MIDIClassDevice.o (symbol from plugin)
                                                  obj/MassStorageClassDevice.o (symbol from plugin)
                                                  obj/HIDClassDevice.o (symbol from plugin)
                                                  obj/CDCClassDevice.o (symbol from plugin)
                                                  obj/CCIDClassDevice.o (symbol from plugin)
                                                  obj/XPROGProtocol.o (symbol from plugin)
                                                  obj/V2Protocol.o (symbol from plugin)
Endpoint_Write_Stream_LE.constprop.4              /tmp/ccLM8n6K.ltrans4.ltrans.o
                                                  /tmp/ccLM8n6K.ltrans2.ltrans.o
                                                  /tmp/ccLM8n6K.ltrans0.ltrans.o
HID_Device_ConfigureEndpoints                     obj/HIDClassDevice.o (symbol from plugin)
HID_Device_ProcessControlRequest                  obj/HIDClassDevice.o (symbol from plugin)
HID_Device_USBTask                                obj/HIDClassDevice.o (symbol from plugin)
ISPProtocol_Calibrate                             obj/ISPProtocol.o (symbol from plugin)
                                                  obj/V2Protocol.o (symbol from plugin)
ISPProtocol_ChipErase                             obj/ISPProtocol.o (symbol from plugin)
                                                  obj/V2Protocol.o (symbol from plugin)
ISPProtocol_DelayMS                               /tmp/ccLM8n6K.ltrans2.ltrans.o
                                                  obj/ISPProtocol.o (symbol from plugin)
                                                  /tmp/ccLM8n6K.ltrans0.ltrans.o
                                                  obj/ISPTarget.o (symbol from plugin)
ISPProtocol_EnterISPMode                          obj/ISPProtocol.o (symbol from plugin)
                                                  obj/V2Protocol.o (symbol from plugin)
ISPProtocol_HalfCyclesRemaining.lto_priv.32       /tmp/ccLM8n6K.ltrans3.ltrans.o
                                                  /tmp/ccLM8n6K.ltrans0.ltrans.o
ISPProtocol_LeaveISPMode                          obj/ISPProtocol.o (symbol from plugin)
                                                  obj/V2Protocol.o (symbol from plugin)
ISPProtocol_ProgramMemory                         /tmp/ccLM8n6K.ltrans3.ltrans.o
                                                  obj/ISPProtocol.o (symbol from plugin)
                                                  /tmp/ccLM8n6K.ltrans0.ltrans.o
                                                  obj/V2Protocol.o (symbol from plugin)
ISPProtocol_ReadFuseLockSigOSCCAL                 obj/ISPProtocol.o (symbol from plugin)
                                                  obj/V2Protocol.o (symbol from plugin)
ISPProtocol_ReadMemory                            obj/ISPProtocol.o (symbol from plugin)
                                                  obj/V2Protocol.o (symbol from plugin)
ISPProtocol_ResponseTogglesRemaining.lto_priv.33  /tmp/ccLM8n6K.ltrans3.ltrans.o
                                                  /tmp/ccLM8n6K.ltrans0.ltrans.o
ISPProtocol_SPIMulti                              /tmp/ccLM8n6K.ltrans3.ltrans.o
                                                  obj/ISPProtocol.o (symbol from plugin)
                                                  /tmp/ccLM8n6K.ltrans0.ltrans.o
                                                  obj/V2Protocol.o (symbol from plugin)
ISPProtocol_WriteFuseLock                         obj/ISPProtocol.o (symbol from plugin)
                                                  obj/V2Protocol.o (symbol from plugin)
ISPTarget_ChangeTargetResetLine                   /tmp/ccLM8n6K.ltrans2.ltrans.o
                                                  obj/ISPTarget.o (symbol from plugin)
                                                  /tmp/ccLM8n6K.ltrans0.ltrans.o
                                                  obj/ISPProtocol.o (symbol from plugin)
ISPTarget_ConfigureRescueClock                    /tmp/ccLM8n6K.ltrans2.ltrans.o
                                                  obj/ISPTarget.o (symbol from plugin)
                                                  /tmp/ccLM8n6K.ltrans0.ltrans.o
                                                  obj/V2Protocol.o (symbol from plugin)
ISPTarget_ConfigureSoftwareSPI                    obj/ISPTarget.o (symbol from plugin)
ISPTarget_DisableTargetISP                        obj/ISPTarget.o (symbol from plugin)
                                                  obj/ISPProtocol.o (symbol from plugin)
ISPTarget_EnableTargetISP                         obj/ISPTarget.o (symbol from plugin)
                                                  obj/ISPProtocol.o (symbol from plugin)
ISPTarget_HardwareSPIMode                         /tmp/ccLM8n6K.ltrans2.ltrans.o
                                                  obj/ISPTarget.o (symbol from plugin)
                                                  /tmp/ccLM8n6K.ltrans3.ltrans.o
                                                  /tmp/ccLM8n6K.ltrans0.ltrans.o
                                                  obj/ISPProtocol.o (symbol from plugin)
ISPTarget_LoadExtendedAddress                     /tmp/ccLM8n6K.ltrans2.ltrans.o
                                                  obj/ISPTarget.o (symbol from plugin)
                                                  /tmp/ccLM8n6K.ltrans3.ltrans.o
                                                  /tmp/ccLM8n6K.ltrans0.ltrans.o
                                                  obj/ISPProtocol.o (symbol from plugin)
ISPTarget_ReceiveByte.lto_priv.37                 /tmp/ccLM8n6K.ltrans3.ltrans.o
                                                  /tmp/ccLM8n6K.ltrans0.ltrans.o
ISPTarget_SendByte.lto_priv.18.lto_priv.27        /tmp/ccLM8n6K.ltrans2.ltrans.o
                                                  /tmp/ccLM8n6K.ltrans3.ltrans.o
                                                  /tmp/ccLM8n6K.ltrans0.ltrans.o
ISPTarget_TransferByte.lto_priv.36                /tmp/ccLM8n6K.ltrans3.ltrans.o
                                                  /tmp/ccLM8n6K.ltrans0.ltrans.o
ISPTarget_TransferSoftSPIByte                     /tmp/ccLM8n6K.ltrans2.ltrans.o
                                                  obj/ISPTarget.o (symbol from plugin)
                                                  /tmp/ccLM8n6K.ltrans3.ltrans.o
                                                  obj/ISPProtocol.o (symbol from plugin)
ISPTarget_WaitForProgComplete                     /tmp/ccLM8n6K.ltrans2.ltrans.o
                                                  obj/ISPTarget.o (symbol from plugin)
                                                  /tmp/ccLM8n6K.ltrans3.ltrans.o
                                                  obj/ISPProtocol.o (symbol from plugin)
ISPTarget_WaitWhileTargetBusy                     /tmp/ccLM8n6K.ltrans2.ltrans.o
                                                  obj/ISPTarget.o (symbol from plugin)
                                                  /tmp/ccLM8n6K.ltrans0.ltrans.o
                                                  obj/ISPProtocol.o (symbol from plugin)
IsSending.lto_priv.17                             /tmp/ccLM8n6K.ltrans1.ltrans.o
                                                  /tmp/ccLM8n6K.ltrans2.ltrans.o
                                                  /tmp/ccLM8n6K.ltrans0.ltrans.o
LanguageString                                    obj/Descriptors.o (symbol from plugin)
MIDI_Device_ConfigureEndpoints                    obj/MIDIClassDevice.o (symbol from plugin)
MIDI_Device_Flush                                 obj/MIDIClassDevice.o (symbol from plugin)
MIDI_Device_ReceiveEventPacket                    obj/MIDIClassDevice.o (symbol from plugin)
MIDI_Device_SendEventPacket                       obj/MIDIClassDevice.o (symbol from plugin)
MIDI_Device_USBTask                               obj/MIDIClassDevice.o (symbol from plugin)
MS_Device_ConfigureEndpoints                      obj/MassStorageClassDevice.o (symbol from plugin)
MS_Device_ProcessControlRequest                   obj/MassStorageClassDevice.o (symbol from plugin)
MS_Device_USBTask                                 obj/MassStorageClassDevice.o (symbol from plugin)
ManufacturerString                                obj/Descriptors.o (symbol from plugin)
MustLoadExtendedAddress                           /tmp/ccLM8n6K.ltrans3.ltrans.o
                                                  obj/V2Protocol.o (symbol from plugin)
                                                  /tmp/ccLM8n6K.ltrans0.ltrans.o
                                                  obj/ISPProtocol.o (symbol from plugin)
PRNT_Device_BytesReceived                         obj/PrinterClassDevice.o (symbol from plugin)
PRNT_Device_ConfigureEndpoints                    obj/PrinterClassDevice.o (symbol from plugin)
PRNT_Device_CreateBlockingStream                  obj/PrinterClassDevice.o (symbol from plugin)
PRNT_Device_CreateStream                          obj/PrinterClassDevice.o (symbol from plugin)
PRNT_Device_Event_Stub                            obj/PrinterClassDevice.o (symbol from plugin)
PRNT_Device_Flush                                 obj/PrinterClassDevice.o (symbol from plugin)
PRNT_Device_ProcessControlRequest                 obj/PrinterClassDevice.o (symbol from plugin)
PRNT_Device_ReceiveByte                           obj/PrinterClassDevice.o (symbol from plugin)
PRNT_Device_SendByte                              obj/PrinterClassDevice.o (symbol from plugin)
PRNT_Device_SendData                              obj/PrinterClassDevice.o (symbol from plugin)
PRNT_Device_SendString                            obj/PrinterClassDevice.o (symbol from plugin)
PRNT_Device_USBTask                               obj/PrinterClassDevice.o (symbol from plugin)
ProductString                                     obj/Descriptors.o (symbol from plugin)
RNDIS_Device_ConfigureEndpoints                   obj/RNDISClassDevice.o (symbol from plugin)
RNDIS_Device_IsPacketReceived                     obj/RNDISClassDevice.o (symbol from plugin)
RNDIS_Device_ProcessControlRequest                obj/RNDISClassDevice.o (symbol from plugin)
RNDIS_Device_ReadPacket                           obj/RNDISClassDevice.o (symbol from plugin)
RNDIS_Device_SendPacket                           obj/RNDISClassDevice.o (symbol from plugin)
RNDIS_Device_USBTask                              obj/RNDISClassDevice.o (symbol from plugin)
RingBuffer_Insert.lto_priv.28                     /tmp/ccLM8n6K.ltrans0.ltrans.o
                                                  /tmp/ccLM8n6K.ltrans3.ltrans.o
SetupHardware                                     obj/main.o (symbol from plugin)
TINYNVM_DisableTPI                                obj/TINYNVM.o (symbol from plugin)
                                                  obj/XPROGProtocol.o (symbol from plugin)
TINYNVM_EnableTPI                                 obj/TINYNVM.o (symbol from plugin)
                                                  obj/XPROGProtocol.o (symbol from plugin)
TINYNVM_EraseMemory                               obj/TINYNVM.o (symbol from plugin)
                                                  obj/XPROGProtocol.o (symbol from plugin)
TINYNVM_ReadMemory                                obj/TINYNVM.o (symbol from plugin)
                                                  obj/XPROGProtocol.o (symbol from plugin)
TINYNVM_SendPointerAddress.lto_priv.22            /tmp/ccLM8n6K.ltrans1.ltrans.o
                                                  /tmp/ccLM8n6K.ltrans2.ltrans.o
                                                  /tmp/ccLM8n6K.ltrans0.ltrans.o
TINYNVM_SendWriteNVMRegister.lto_priv.23          /tmp/ccLM8n6K.ltrans1.ltrans.o
                                                  /tmp/ccLM8n6K.ltrans2.ltrans.o
                                                  /tmp/ccLM8n6K.ltrans0.ltrans.o
TINYNVM_WaitWhileNVMBusBusy                       /tmp/ccLM8n6K.ltrans1.ltrans.o
                                                  obj/TINYNVM.o (symbol from plugin)
                                                  /tmp/ccLM8n6K.ltrans0.ltrans.o
TINYNVM_WaitWhileNVMControllerBusy                /tmp/ccLM8n6K.ltrans1.ltrans.o
                                                  obj/TINYNVM.o (symbol from plugin)
                                                  /tmp/ccLM8n6K.ltrans2.ltrans.o
                                                  /tmp/ccLM8n6K.ltrans0.ltrans.o
TINYNVM_WriteMemory                               obj/TINYNVM.o (symbol from plugin)
                                                  obj/XPROGProtocol.o (symbol from plugin)
USARTtoUSB_Buffer.lto_priv.29                     /tmp/ccLM8n6K.ltrans3.ltrans.o
                                                  /tmp/ccLM8n6K.ltrans0.ltrans.o
USB_ControlRequest                                obj/USBTask.o (symbol from plugin)
                                                  obj/RNDISClassDevice.o (symbol from plugin)
                                                  obj/PrinterClassDevice.o (symbol from plugin)
                                                  obj/MassStorageClassDevice.o (symbol from plugin)
                                                  obj/HIDClassDevice.o (symbol from plugin)
                                                  obj/CDCClassDevice.o (symbol from plugin)
                                                  obj/CCIDClassDevice.o (symbol from plugin)
                                                  obj/AudioClassDevice.o (symbol from plugin)
                                                  obj/DeviceStandardReq.o (symbol from plugin)
                                                  obj/Endpoint_AVR8.o (symbol from plugin)
                                                  obj/EndpointStream_AVR8.o (symbol from plugin)
                                                  obj/main.o (symbol from plugin)
USB_DeviceTask.lto_priv.16                        /tmp/ccLM8n6K.ltrans1.ltrans.o
                                                  /tmp/ccLM8n6K.ltrans4.ltrans.o
                                                  /tmp/ccLM8n6K.ltrans0.ltrans.o
USB_Device_ConfigurationNumber                    /tmp/ccLM8n6K.ltrans1.ltrans.o
                                                  obj/DeviceStandardReq.o (symbol from plugin)
                                                  /tmp/ccLM8n6K.ltrans0.ltrans.o
                                                  obj/USBInterrupt_AVR8.o (symbol from plugin)
                                                  obj/USBController_AVR8.o (symbol from plugin)
USB_Device_ProcessControlRequest                  obj/DeviceStandardReq.o (symbol from plugin)
                                                  obj/USBTask.o (symbol from plugin)
USB_Device_SendRemoteWakeup                       obj/Device_AVR8.o (symbol from plugin)
USB_Disable                                       obj/USBController_AVR8.o (symbol from plugin)
USB_Event_Stub                                    obj/Events.o (symbol from plugin)
USB_Event_Stub_2                                  obj/Events.o (symbol from plugin)
USB_Event_Stub_3                                  obj/Events.o (symbol from plugin)
USB_GetHIDReportItemInfo                          obj/HIDParser.o (symbol from plugin)
USB_GetHIDReportSize                              obj/HIDParser.o (symbol from plugin)
USB_GetNextDescriptorComp                         obj/ConfigDescriptors.o (symbol from plugin)
USB_GetNextDescriptorOfType                       obj/ConfigDescriptors.o (symbol from plugin)
USB_GetNextDescriptorOfTypeAfter                  obj/ConfigDescriptors.o (symbol from plugin)
USB_GetNextDescriptorOfTypeBefore                 obj/ConfigDescriptors.o (symbol from plugin)
USB_INT_ClearAllInterrupts                        obj/USBInterrupt_AVR8.o (symbol from plugin)
                                                  obj/USBController_AVR8.o (symbol from plugin)
USB_INT_DisableAllInterrupts                      obj/USBInterrupt_AVR8.o (symbol from plugin)
                                                  obj/USBController_AVR8.o (symbol from plugin)
USB_Init                                          obj/USBController_AVR8.o (symbol from plugin)
                                                  obj/main.o (symbol from plugin)
USB_IsInitialized                                 obj/USBTask.o (symbol from plugin)
                                                  obj/USBController_AVR8.o (symbol from plugin)
USB_ProcessHIDReport                              obj/HIDParser.o (symbol from plugin)
USB_ResetInterface                                obj/USBController_AVR8.o (symbol from plugin)
USB_SetHIDReportItemInfo                          obj/HIDParser.o (symbol from plugin)
USB_USBTask                                       obj/USBTask.o (symbol from plugin)
                                                  obj/PrinterClassDevice.o (symbol from plugin)
                                                  obj/MassStorageClassDevice.o (symbol from plugin)
                                                  obj/CDCClassDevice.o (symbol from plugin)
                                                  obj/EndpointStream_AVR8.o (symbol from plugin)
                                                  obj/main.o (symbol from plugin)
V2Params_GetParamFromTable.lto_priv.26            /tmp/ccLM8n6K.ltrans3.ltrans.o
                                                  /tmp/ccLM8n6K.ltrans2.ltrans.o
                                                  /tmp/ccLM8n6K.ltrans0.ltrans.o
V2Params_GetParameterPrivileges                   obj/V2ProtocolParams.o (symbol from plugin)
                                                  obj/V2Protocol.o (symbol from plugin)
V2Params_GetParameterValue                        obj/V2ProtocolParams.o (symbol from plugin)
                                                  obj/ISPTarget.o (symbol from plugin)
                                                  obj/V2Protocol.o (symbol from plugin)
V2Params_LoadNonVolatileParamValues               obj/V2ProtocolParams.o (symbol from plugin)
                                                  obj/V2Protocol.o (symbol from plugin)
V2Params_SetParameterValue                        obj/V2ProtocolParams.o (symbol from plugin)
                                                  obj/V2Protocol.o (symbol from plugin)
V2Params_UpdateParamValues                        obj/V2ProtocolParams.o (symbol from plugin)
                                                  obj/main.o (symbol from plugin)
V2Protocol_Init                                   obj/V2Protocol.o (symbol from plugin)
                                                  obj/main.o (symbol from plugin)
V2Protocol_ProcessCommand                         obj/V2Protocol.o (symbol from plugin)
                                                  obj/main.o (symbol from plugin)
VirtualSerial_CDC_Interface                       /tmp/ccLM8n6K.ltrans1.ltrans.o
                                                  obj/main.o (symbol from plugin)
                                                  /tmp/ccLM8n6K.ltrans0.ltrans.o
XMEGANVM_DisablePDI                               obj/XMEGANVM.o (symbol from plugin)
                                                  obj/XPROGProtocol.o (symbol from plugin)
XMEGANVM_EnablePDI                                obj/XMEGANVM.o (symbol from plugin)
                                                  obj/XPROGProtocol.o (symbol from plugin)
XMEGANVM_EraseMemory                              obj/XMEGANVM.o (symbol from plugin)
                                                  obj/XPROGProtocol.o (symbol from plugin)
XMEGANVM_GetMemoryCRC                             obj/XMEGANVM.o (symbol from plugin)
                                                  obj/XPROGProtocol.o (symbol from plugin)
XMEGANVM_ReadMemory                               obj/XMEGANVM.o (symbol from plugin)
                                                  obj/XPROGProtocol.o (symbol from plugin)
XMEGANVM_SendAddress.lto_priv.24                  /tmp/ccLM8n6K.ltrans1.ltrans.o
                                                  /tmp/ccLM8n6K.ltrans2.ltrans.o
                                                  /tmp/ccLM8n6K.ltrans0.ltrans.o
XMEGANVM_SendNVMRegAddress.lto_priv.25            /tmp/ccLM8n6K.ltrans1.ltrans.o
                                                  /tmp/ccLM8n6K.ltrans2.ltrans.o
                                                  /tmp/ccLM8n6K.ltrans0.ltrans.o
XMEGANVM_WaitWhileNVMBusBusy                      /tmp/ccLM8n6K.ltrans1.ltrans.o
                                                  obj/XMEGANVM.o (symbol from plugin)
                                                  /tmp/ccLM8n6K.ltrans0.ltrans.o
XMEGANVM_WaitWhileNVMControllerBusy               /tmp/ccLM8n6K.ltrans1.ltrans.o
                                                  obj/XMEGANVM.o (symbol from plugin)
                                                  /tmp/ccLM8n6K.ltrans2.ltrans.o
                                                  /tmp/ccLM8n6K.ltrans0.ltrans.o
XMEGANVM_WriteByteMemory                          obj/XMEGANVM.o (symbol from plugin)
                                                  obj/XPROGProtocol.o (symbol from plugin)
XMEGANVM_WritePageMemory                          obj/XMEGANVM.o (symbol from plugin)
                                                  obj/XPROGProtocol.o (symbol from plugin)
XPROGProtocol_Command                             obj/XPROGProtocol.o (symbol from plugin)
                                                  obj/V2Protocol.o (symbol from plugin)
XPROGProtocol_ReadMemory.lto_priv.34              /tmp/ccLM8n6K.ltrans2.ltrans.o
                                                  /tmp/ccLM8n6K.ltrans0.ltrans.o
XPROGProtocol_SetMode                             obj/XPROGProtocol.o (symbol from plugin)
                                                  obj/V2Protocol.o (symbol from plugin)
XPROGProtocol_WriteMemory.lto_priv.35             /tmp/ccLM8n6K.ltrans2.ltrans.o
                                                  /tmp/ccLM8n6K.ltrans0.ltrans.o
XPROGTarget_DisableTargetPDI                      obj/XPROGTarget.o (symbol from plugin)
                                                  obj/XMEGANVM.o (symbol from plugin)
XPROGTarget_DisableTargetTPI                      obj/XPROGTarget.o (symbol from plugin)
                                                  obj/TINYNVM.o (symbol from plugin)
XPROGTarget_EnableTargetPDI                       obj/XPROGTarget.o (symbol from plugin)
                                                  obj/XMEGANVM.o (symbol from plugin)
XPROGTarget_EnableTargetTPI                       obj/XPROGTarget.o (symbol from plugin)
                                                  obj/TINYNVM.o (symbol from plugin)
XPROGTarget_ReceiveByte                           /tmp/ccLM8n6K.ltrans2.ltrans.o
                                                  obj/XPROGTarget.o (symbol from plugin)
                                                  /tmp/ccLM8n6K.ltrans1.ltrans.o
                                                  /tmp/ccLM8n6K.ltrans0.ltrans.o
                                                  obj/TINYNVM.o (symbol from plugin)
                                                  obj/XMEGANVM.o (symbol from plugin)
XPROGTarget_SendByte                              /tmp/ccLM8n6K.ltrans2.ltrans.o
                                                  obj/XPROGTarget.o (symbol from plugin)
                                                  /tmp/ccLM8n6K.ltrans1.ltrans.o
                                                  /tmp/ccLM8n6K.ltrans0.ltrans.o
                                                  obj/TINYNVM.o (symbol from plugin)
                                                  obj/XMEGANVM.o (symbol from plugin)
XPROGTarget_SendIdle                              /tmp/ccLM8n6K.ltrans2.ltrans.o
                                                  obj/XPROGTarget.o (symbol from plugin)
                                                  /tmp/ccLM8n6K.ltrans0.ltrans.o
XPROGTarget_SetRxMode.lto_priv.21                 /tmp/ccLM8n6K.ltrans1.ltrans.o
                                                  /tmp/ccLM8n6K.ltrans2.ltrans.o
                                                  /tmp/ccLM8n6K.ltrans0.ltrans.o
XPROGTarget_SetTxMode.lto_priv.20                 /tmp/ccLM8n6K.ltrans1.ltrans.o
                                                  /tmp/ccLM8n6K.ltrans2.ltrans.o
XPROG_Param_EEPageSize                            obj/XPROGProtocol.o (symbol from plugin)
                                                  obj/XMEGANVM.o (symbol from plugin)
XPROG_Param_NVMBase                               /tmp/ccLM8n6K.ltrans1.ltrans.o
                                                  obj/XPROGProtocol.o (symbol from plugin)
                                                  /tmp/ccLM8n6K.ltrans0.ltrans.o
                                                  obj/XMEGANVM.o (symbol from plugin)
XPROG_Param_NVMCMDRegAddr                         /tmp/ccLM8n6K.ltrans2.ltrans.o
                                                  obj/XPROGProtocol.o (symbol from plugin)
                                                  /tmp/ccLM8n6K.ltrans0.ltrans.o
                                                  obj/TINYNVM.o (symbol from plugin)
XPROG_Param_NVMCSRRegAddr                         /tmp/ccLM8n6K.ltrans1.ltrans.o
                                                  obj/XPROGProtocol.o (symbol from plugin)
                                                  /tmp/ccLM8n6K.ltrans0.ltrans.o
                                                  obj/TINYNVM.o (symbol from plugin)
XPROG_SelectedProtocol                            /tmp/ccLM8n6K.ltrans2.ltrans.o
                                                  obj/XPROGProtocol.o (symbol from plugin)
                                                  /tmp/ccLM8n6K.ltrans0.ltrans.o
__FUSE_REGION_LENGTH__                            /usr/lib/gcc/avr/5.4.0/../../../avr/lib/avr35/crtatmega16u2.o
__bad_interrupt                                   /usr/lib/gcc/avr/5.4.0/../../../avr/lib/avr35/crtatmega16u2.o
__bss_end                                         /usr/lib/gcc/avr/5.4.0/avr35/libgcc.a(_clear_bss.o)
__bss_start                                       /usr/lib/gcc/avr/5.4.0/avr35/libgcc.a(_clear_bss.o)
__data_end                                        /usr/lib/gcc/avr/5.4.0/avr35/libgcc.a(_copy_data.o)
__data_load_start                                 /usr/lib/gcc/avr/5.4.0/avr35/libgcc.a(_copy_data.o)
__data_start                                      /usr/lib/gcc/avr/5.4.0/avr35/libgcc.a(_copy_data.o)
__do_clear_bss                                    /usr/lib/gcc/avr/5.4.0/avr35/libgcc.a(_clear_bss.o)
                                                  /tmp/ccLM8n6K.ltrans3.ltrans.o
                                                  /tmp/ccLM8n6K.ltrans2.ltrans.o
                                                  /tmp/ccLM8n6K.ltrans1.ltrans.o
                                                  /tmp/ccLM8n6K.ltrans0.ltrans.o
__do_copy_data                                    /usr/lib/gcc/avr/5.4.0/avr35/libgcc.a(_copy_data.o)
                                                  /tmp/ccLM8n6K.ltrans3.ltrans.o
                                                  /tmp/ccLM8n6K.ltrans2.ltrans.o
                                                  /tmp/ccLM8n6K.ltrans1.ltrans.o
                                                  /tmp/ccLM8n6K.ltrans0.ltrans.o
__heap_end                                        /usr/lib/gcc/avr/5.4.0/../../../avr/lib/avr35/crtatmega16u2.o
__init                                            /usr/lib/gcc/avr/5.4.0/../../../avr/lib/avr35/crtatmega16u2.o
__stack                                           /usr/lib/gcc/avr/5.4.0/../../../avr/lib/avr35/crtatmega16u2.o
__strlen_P                                        /usr/lib/gcc/avr/5.4.0/../../../avr/lib/avr35/libc.a(strlen_P.o)
                                                  obj/CDCClassDevice.o (symbol from plugin)
__udivmodsi4                                      /usr/lib/gcc/avr/5.4.0/avr35/libgcc.a(_udivmodsi4.o)
                                                  /tmp/ccLM8n6K.ltrans1.ltrans.o
__vector_1                                        /usr/lib/gcc/avr/5.4.0/../../../avr/lib/avr35/crtatmega16u2.o
__vector_10                                       /usr/lib/gcc/avr/5.4.0/../../../avr/lib/avr35/crtatmega16u2.o
__vector_11                                       /tmp/ccLM8n6K.ltrans1.ltrans.o
                                                  obj/USBInterrupt_AVR8.o (symbol from plugin)
                                                  /usr/lib/gcc/avr/5.4.0/../../../avr/lib/avr35/crtatmega16u2.o
__vector_12                                       /usr/lib/gcc/avr/5.4.0/../../../avr/lib/avr35/crtatmega16u2.o
__vector_13                                       /usr/lib/gcc/avr/5.4.0/../../../avr/lib/avr35/crtatmega16u2.o
__vector_14                                       /usr/lib/gcc/avr/5.4.0/../../../avr/lib/avr35/crtatmega16u2.o
__vector_15                                       /tmp/ccLM8n6K.ltrans2.ltrans.o
                                                  obj/ISPTarget.o (symbol from plugin)
                                                  /usr/lib/gcc/avr/5.4.0/../../../avr/lib/avr35/crtatmega16u2.o
__vector_16                                       /usr/lib/gcc/avr/5.4.0/../../../avr/lib/avr35/crtatmega16u2.o
__vector_17                                       /usr/lib/gcc/avr/5.4.0/../../../avr/lib/avr35/crtatmega16u2.o
__vector_18                                       /tmp/ccLM8n6K.ltrans3.ltrans.o
                                                  obj/ISPProtocol.o (symbol from plugin)
                                                  /usr/lib/gcc/avr/5.4.0/../../../avr/lib/avr35/crtatmega16u2.o
__vector_19                                       /tmp/ccLM8n6K.ltrans3.ltrans.o
                                                  obj/V2Protocol.o (symbol from plugin)
                                                  /usr/lib/gcc/avr/5.4.0/../../../avr/lib/avr35/crtatmega16u2.o
__vector_2                                        /usr/lib/gcc/avr/5.4.0/../../../avr/lib/avr35/crtatmega16u2.o
__vector_20                                       /usr/lib/gcc/avr/5.4.0/../../../avr/lib/avr35/crtatmega16u2.o
__vector_21                                       /usr/lib/gcc/avr/5.4.0/../../../avr/lib/avr35/crtatmega16u2.o
__vector_22                                       /usr/lib/gcc/avr/5.4.0/../../../avr/lib/avr35/crtatmega16u2.o
__vector_23                                       /tmp/ccLM8n6K.ltrans3.ltrans.o
                                                  obj/main.o (symbol from plugin)
                                                  /usr/lib/gcc/avr/5.4.0/../../../avr/lib/avr35/crtatmega16u2.o
__vector_24                                       /usr/lib/gcc/avr/5.4.0/../../../avr/lib/avr35/crtatmega16u2.o
__vector_25                                       /usr/lib/gcc/avr/5.4.0/../../../avr/lib/avr35/crtatmega16u2.o
__vector_26                                       /usr/lib/gcc/avr/5.4.0/../../../avr/lib/avr35/crtatmega16u2.o
__vector_27                                       /usr/lib/gcc/avr/5.4.0/../../../avr/lib/avr35/crtatmega16u2.o
__vector_28                                       /usr/lib/gcc/avr/5.4.0/../../../avr/lib/avr35/crtatmega16u2.o
__vector_3                                        /usr/lib/gcc/avr/5.4.0/../../../avr/lib/avr35/crtatmega16u2.o
__vector_4                                        /usr/lib/gcc/avr/5.4.0/../../../avr/lib/avr35/crtatmega16u2.o
__vector_5                                        /usr/lib/gcc/avr/5.4.0/../../../avr/lib/avr35/crtatmega16u2.o
__vector_6                                        /usr/lib/gcc/avr/5.4.0/../../../avr/lib/avr35/crtatmega16u2.o
__vector_7                                        /usr/lib/gcc/avr/5.4.0/../../../avr/lib/avr35/crtatmega16u2.o
__vector_8                                        /usr/lib/gcc/avr/5.4.0/../../../avr/lib/avr35/crtatmega16u2.o
__vector_9                                        /tmp/ccLM8n6K.ltrans3.ltrans.o
                                                  obj/ISPProtocol.o (symbol from plugin)
                                                  /usr/lib/gcc/avr/5.4.0/../../../avr/lib/avr35/crtatmega16u2.o
__vector_default                                  /usr/lib/gcc/avr/5.4.0/../../../avr/lib/avr35/crtatmega16u2.o
__vectors                                         /usr/lib/gcc/avr/5.4.0/../../../avr/lib/avr35/crtatmega16u2.o
_exit                                             /usr/lib/gcc/avr/5.4.0/avr35/libgcc.a(_exit.o)
eeprom_read_byte                                  /usr/lib/gcc/avr/5.4.0/../../../avr/lib/avr35/libatmega16u2.a(eerd_byte.o)
                                                  /tmp/ccLM8n6K.ltrans0.ltrans.o
                                                  obj/EndpointStream_AVR8.o (symbol from plugin)
                                                  obj/V2ProtocolParams.o (symbol from plugin)
eeprom_update_byte                                /usr/lib/gcc/avr/5.4.0/../../../avr/lib/avr35/libatmega16u2.a(eeupd_byte.o)
                                                  /tmp/ccLM8n6K.ltrans0.ltrans.o
                                                  obj/EndpointStream_AVR8.o (symbol from plugin)
                                                  obj/V2ProtocolParams.o (symbol from plugin)
eeprom_update_r18                                 /usr/lib/gcc/avr/5.4.0/../../../avr/lib/avr35/libatmega16u2.a(eeupd_byte.o)
exit                                              /usr/lib/gcc/avr/5.4.0/avr35/libgcc.a(_exit.o)
                                                  /usr/lib/gcc/avr/5.4.0/../../../avr/lib/avr35/crtatmega16u2.o
main                                              /tmp/ccLM8n6K.ltrans0.ltrans.o
                                                  obj/main.o (symbol from plugin)
                                                  /usr/lib/gcc/avr/5.4.0/../../../avr/lib/avr35/crtatmega16u2.o
memcpy_P                                          /usr/lib/gcc/avr/5.4.0/../../../avr/lib/avr35/libc.a(memcpy_P.o)
                                                  obj/RNDISClassDevice.o (symbol from plugin)
